// Jest Snapshot v1, https://goo.gl/fbAQLP

exports[`DatePicker helpers getWeeksForMonth gets the weeks 1`] = `
Array [
  Array [
    null,
    null,
    null,
    null,
    2018-02-01T05:00:00.000Z,
    2018-02-02T05:00:00.000Z,
    2018-02-03T05:00:00.000Z,
  ],
  Array [
    2018-02-04T05:00:00.000Z,
    2018-02-05T05:00:00.000Z,
    2018-02-06T05:00:00.000Z,
    2018-02-07T05:00:00.000Z,
    2018-02-08T05:00:00.000Z,
    2018-02-09T05:00:00.000Z,
    2018-02-10T05:00:00.000Z,
  ],
  Array [
    2018-02-11T05:00:00.000Z,
    2018-02-12T05:00:00.000Z,
    2018-02-13T05:00:00.000Z,
    2018-02-14T05:00:00.000Z,
    2018-02-15T05:00:00.000Z,
    2018-02-16T05:00:00.000Z,
    2018-02-17T05:00:00.000Z,
  ],
  Array [
    2018-02-18T05:00:00.000Z,
    2018-02-19T05:00:00.000Z,
    2018-02-20T05:00:00.000Z,
    2018-02-21T05:00:00.000Z,
    2018-02-22T05:00:00.000Z,
    2018-02-23T05:00:00.000Z,
    2018-02-24T05:00:00.000Z,
  ],
  Array [
    2018-02-25T05:00:00.000Z,
    2018-02-26T05:00:00.000Z,
    2018-02-27T05:00:00.000Z,
    2018-02-28T05:00:00.000Z,
    null,
    null,
    null,
  ],
]
`;

exports[`DatePicker helpers getWeeksForMonth gets the weeks for leap year 1`] = `
Array [
  Array [
    null,
    2016-02-01T05:00:00.000Z,
    2016-02-02T05:00:00.000Z,
    2016-02-03T05:00:00.000Z,
    2016-02-04T05:00:00.000Z,
    2016-02-05T05:00:00.000Z,
    2016-02-06T05:00:00.000Z,
  ],
  Array [
    2016-02-07T05:00:00.000Z,
    2016-02-08T05:00:00.000Z,
    2016-02-09T05:00:00.000Z,
    2016-02-10T05:00:00.000Z,
    2016-02-11T05:00:00.000Z,
    2016-02-12T05:00:00.000Z,
    2016-02-13T05:00:00.000Z,
  ],
  Array [
    2016-02-14T05:00:00.000Z,
    2016-02-15T05:00:00.000Z,
    2016-02-16T05:00:00.000Z,
    2016-02-17T05:00:00.000Z,
    2016-02-18T05:00:00.000Z,
    2016-02-19T05:00:00.000Z,
    2016-02-20T05:00:00.000Z,
  ],
  Array [
    2016-02-21T05:00:00.000Z,
    2016-02-22T05:00:00.000Z,
    2016-02-23T05:00:00.000Z,
    2016-02-24T05:00:00.000Z,
    2016-02-25T05:00:00.000Z,
    2016-02-26T05:00:00.000Z,
    2016-02-27T05:00:00.000Z,
  ],
  Array [
    2016-02-28T05:00:00.000Z,
    2016-02-29T05:00:00.000Z,
    null,
    null,
    null,
    null,
    null,
  ],
]
`;
